A sintaxe do nome do arquivo, do nome do diretório ou do rótulo do volume está incorreta.
